23:24:00 **** Incremental Build of configuration Debug for project stack ****
make -j8 all 
arm-none-eabi-gcc "../Src/main.c" -mcpu=cortex-m4 -std=gnu11 -g3 -DSTM32 -DSTM32F4 -DSTM32F446RETx -DDEBUG -DNUCLEO_F446RE -c -I../Inc -O0 -ffunction-sections -fdata-sections -Wall -fstack-usage -MMD -MP -MF"Src/main.d" -MT"Src/main.o" --specs=nano.specs -mfpu=fpv4-sp-d16 -mfloat-abi=hard -mthumb -o "Src/main.o"
../Src/main.c:21:4: warning: #warning "FPU is not initialized, but the project is compiling for an FPU. Please initialize the FPU before use." [-Wcpp]
   #warning "FPU is not initialized, but the project is compiling for an FPU. Please initialize the FPU before use."
    ^~~~~~~
arm-none-eabi-gcc -o "stack.elf" @"objects.list"   -mcpu=cortex-m4 -T"E:\Courses\FastBit Embedded Brain Academy Courses\ARM Cortex-M4-Processor\stack\STM32F446RETX_FLASH.ld" --specs=nosys.specs -Wl,-Map="stack.map" -Wl,--gc-sections -static --specs=nano.specs -mfpu=fpv4-sp-d16 -mfloat-abi=hard -mthumb -Wl,--start-group -lc -lm -Wl,--end-group
Finished building target: stack.elf
 
arm-none-eabi-objdump -h -S  stack.elf  > "stack.list"
arm-none-eabi-objcopy  -O binary  stack.elf  "stack.bin"
arm-none-eabi-size   stack.elf 
   text	   data	    bss	    dec	    hex	filename
   5120	    108	   1580	   6808	   1a98	stack.elf
Finished building: default.size.stdout
 
Finished building: stack.bin
Finished building: stack.list
 
 

23:24:01 Build Finished. 0 errors, 1 warnings. (took 797ms)

